C51 COMPILER V9.54   LAB_WORK_NEW2                                                         10/08/2018 16:26:00 PAGE 1   


C51 COMPILER V9.54, COMPILATION OF MODULE LAB_WORK_NEW2
OBJECT MODULE PLACED IN .\Objects\LAB_WORK_NEW2.obj
COMPILER INVOKED BY: C:\Keil_v5\C51\BIN\C51.EXE LAB_WORK_NEW2.C OPTIMIZE(8,SPEED) BROWSE DEBUG OBJECTEXTEND PRINT(.\List
                    -ings\LAB_WORK_NEW2.lst) TABS(2) OBJECT(.\Objects\LAB_WORK_NEW2.obj)

line level    source

   1          #include "at89c5131.h"
   2          #include "stdio.h"
   3          #include "lcd_test.c"
   4          #include "Keypad_Updated.c"
   5          
   6          unsigned char z;
   7          
   8          
   9          void ISR_keypad(void) interrupt 7{
  10   1        lcd_cmd(0x80);
  11   1        lcd_write_string("Key Pressed:");
  12   1        z = read_keypad();
  13   1        lcd_char(z);
  14   1        msdelay(10);
  15   1      }
  16          
  17          
  18          void main(void){
  19   1        keypad_init();
  20   1        ;port_init(); 
  21   1        lcd_init();
  22   1        while(1);
  23   1      
  24   1      }


MODULE INFORMATION:   STATIC OVERLAYABLE
   CODE SIZE        =    541    ----
   CONSTANT SIZE    =     13    ----
   XDATA SIZE       =   ----    ----
   PDATA SIZE       =   ----    ----
   DATA SIZE        =      1       6
   IDATA SIZE       =   ----    ----
   BIT SIZE         =   ----    ----
END OF MODULE INFORMATION.


C51 COMPILATION COMPLETE.  0 WARNING(S),  0 ERROR(S)
