C51 COMPILER V9.54   LABWORK2_D                                                            10/26/2018 21:57:10 PAGE 1   


C51 COMPILER V9.54, COMPILATION OF MODULE LABWORK2_D
OBJECT MODULE PLACED IN .\Objects\labwork2_d.obj
COMPILER INVOKED BY: C:\Keil_v5\C51\BIN\C51.EXE ADSR\labwork2_d.c OPTIMIZE(8,SPEED) BROWSE DEBUG OBJECTEXTEND PRINT(.\Li
                    -stings\labwork2_d.lst) TABS(2) OBJECT(.\Objects\labwork2_d.obj)

line level    source

   1          //Sinusoidal Wave
   2          
   3          #include "at89c5131.h"
   4          
   5          
   6          void timer_init();
   7          void SPI_Init();
   8          //void sine_wave();
   9          sbit CS_BAR = P3^4;                 // Chip Select for the ADC
  10          sbit FS = P3^5;
  11          bit transmit_completed= 0;              // To check if spi data transmit is complete
  12          bit offset_null = 0;                // Check if offset nulling is enabled
  13          bit roundoff = 0;
  14          
  15          
  16          unsigned short voltage = 0;                                                            // 16 bit
  17          
  18          unsigned int m = 0;
  19          
  20          unsigned char serial_data,MSB = 0,LSB = 0;
  21          
  22          unsigned char count=0, i=0;
  23          float fweight=0;
  24          
  25          unsigned short sine[] = {
  26          
  27            0x0800
  28            ,0x098f
  29            ,0x0b0f
  30            ,0x0c71
  31            ,0x0da8
  32            ,0x0ea6
  33            ,0x0f64
  34            ,0x0fd8
  35            ,0x0fff
  36            ,0x0fd8
  37            ,0x0f64
  38            ,0x0ea6
  39            ,0x0da8
  40            ,0x0c71
  41            ,0x0b0f
  42            ,0x098f
  43            ,0x0800
  44            ,0x0670
  45            ,0x04f0
  46            ,0x038e
  47            ,0x0258
  48            ,0x0159
  49            ,0x009b,0x0027,0x0000,0x0027,0x009b,0x0158,0x0257,0x038d,0x04ef,0x0670};
  50          
  51          void main(void)
  52          {
  53   1        CS_BAR = 1;
  54   1        FS = 1;
C51 COMPILER V9.54   LABWORK2_D                                                            10/26/2018 21:57:10 PAGE 2   

  55   1        SPI_Init();
  56   1        timer_init();
  57   1        while(1)
  58   1        {
  59   2          CS_BAR = 0;
  60   2          FS = 0;                                   // falling edge of CS bar
  61   2      
  62   2          SPDAT= MSB;                             // first 4 bits will be address of the channel
  63   2          while(!transmit_completed);               // wait for the transmit complete flag
  64   2          transmit_completed = 0;                   // make the flag 0
  65   2      
  66   2          SPDAT = LSB;
  67   2          while(!transmit_completed);
  68   2          transmit_completed = 0;
  69   2      
  70   2          CS_BAR = 1;
  71   2          FS = 1;
  72   2                                // save the 10 bits in one variable
  73   2        }
  74   1      }
  75          
  76          void timer_init()
  77          {
  78   1       TMOD=1;
  79   1       TL0 =0x7D;             //CREATING TIME PERIOD OF 130 MICRO SEC SO THAT WE CAN GIVE 32 VALUE IN 1/240 HZ
  80   1       TH0 =0xFF;
  81   1        EA=1;
  82   1        ET0=1;
  83   1        TR0=1;
  84   1      }
  85          
  86          
  87          void TIMER0_ISR (void) interrupt 1
  88          {
  89   1        TR0 = 0;
  90   1        m++;
  91   1        if(m<=32){
  92   2          voltage = sine[m-1];
  93   2        }
  94   1      
  95   1        if(m==32){
  96   2        m = 0;
  97   2        }
  98   1      
  99   1        LSB = voltage;
 100   1        MSB = voltage/256;
 101   1        
 102   1        TL0 =0x7D;
 103   1        TH0 =0xFF;
 104   1        TR0 = 1;
 105   1        
 106   1      }
 107          
 108          
 109          void SPI_Init()
 110          {
 111   1        FS = 1;
 112   1        CS_BAR = 1;                     // DISABLE ADC SLAVE SELECT-CS
 113   1        SPCON |= 0x20;                  // P1.1(SSBAR) is available as standard I/O pin
 114   1        SPCON |= 0x01;                  // Fclk Periph/4 AND Fclk Periph=12MHz ,HENCE SCK IE. BAUD RATE=3000KHz
 115   1        SPCON |= 0x10;                  // Master mode
 116   1        SPCON |= 0x08;                // CPOL=0; transmit mode example|| SCK is 0 at idle state
C51 COMPILER V9.54   LABWORK2_D                                                            10/26/2018 21:57:10 PAGE 3   

 117   1        SPCON &= ~0x04;                 // CPHA=1; transmit mode example
 118   1        IEN1 |= 0x04;                   // enable spi interrupt
 119   1        EA=1;                           // enable interrupts
 120   1        SPCON |= 0x40;                  // run spi;ENABLE SPI INTERFACE SPEN= 1
 121   1      }
 122          
 123          void it_SPI(void) interrupt 9 /* interrupt address is 0x004B, (Address -3)/8 = interrupt no.*/
 124          {
 125   1        switch  ( SPSTA )         /* read and clear spi status register */
 126   1        {
 127   2          case 0x80:
 128   2            serial_data=SPDAT;   /* read receive data */
 129   2            transmit_completed=1;/* set software flag */
 130   2          break;
 131   2      
 132   2          case 0x10:
 133   2      
 134   2          break;
 135   2      
 136   2          case 0x40:
 137   2          break;
 138   2        }
 139   1      }
 140          
 141          


MODULE INFORMATION:   STATIC OVERLAYABLE
   CODE SIZE        =    184    ----
   CONSTANT SIZE    =   ----    ----
   XDATA SIZE       =   ----    ----
   PDATA SIZE       =   ----    ----
   DATA SIZE        =     77    ----
   IDATA SIZE       =   ----    ----
   BIT SIZE         =      3    ----
END OF MODULE INFORMATION.


C51 COMPILATION COMPLETE.  0 WARNING(S),  0 ERROR(S)
